// Jest Snapshot v1, https://goo.gl/fbAQLP

exports[`renders 1`] = `
<DocumentFragment>
  <div
    class="sc-AxjAm FlHQP"
  >
    <div
      class="lds-dual-ring"
    />
  </div>
</DocumentFragment>
`;
